2025-03-21 20:40:50 - Cleanup completed:
Notifications deleted: 0
Posts deleted: 0
Marketplace items deleted: 0
Timestamp: 2025-03-21 20:40:50
2025-03-24 03:30:00 - Cleanup completed:
Notifications deleted: 0
Posts deleted: 0
Marketplace items deleted: 0
Timestamp: 2025-03-24 03:30:00
2025-03-24 04:27:57 - Cleanup completed:
Notifications deleted: 0
Posts deleted: 0
Marketplace items deleted: 0
Timestamp: 2025-03-24 04:27:57
2025-03-27 13:20:44 - Cleanup completed:
Notifications deleted: 0
Posts deleted: 0
Marketplace items deleted: 0
Timestamp: 2025-03-27 13:20:44
